Archive member included because of file (symbol)

/usr/local/CrossPack-AVR-20130212/lib/gcc/avr/4.6.2/avr5/libgcc.a(_divmodhi4.o)
                              pieces.o (__divmodhi4)
/usr/local/CrossPack-AVR-20130212/lib/gcc/avr/4.6.2/avr5/libgcc.a(_divmodsi4.o)
                              serialio.o (__divmodsi4)
/usr/local/CrossPack-AVR-20130212/lib/gcc/avr/4.6.2/avr5/libgcc.a(_exit.o)
                              /usr/local/CrossPack-AVR-20130212/lib/gcc/avr/4.6.2/../../../../avr/lib/avr5/crtm64.o (exit)
/usr/local/CrossPack-AVR-20130212/lib/gcc/avr/4.6.2/avr5/libgcc.a(_copy_data.o)
                              board.o (__do_copy_data)
/usr/local/CrossPack-AVR-20130212/lib/gcc/avr/4.6.2/avr5/libgcc.a(_clear_bss.o)
                              board.o (__do_clear_bss)
/usr/local/CrossPack-AVR-20130212/lib/gcc/avr/4.6.2/avr5/libgcc.a(_udivmodhi4.o)
                              /usr/local/CrossPack-AVR-20130212/lib/gcc/avr/4.6.2/avr5/libgcc.a(_divmodhi4.o) (__udivmodhi4)
/usr/local/CrossPack-AVR-20130212/lib/gcc/avr/4.6.2/avr5/libgcc.a(_udivmodsi4.o)
                              /usr/local/CrossPack-AVR-20130212/lib/gcc/avr/4.6.2/avr5/libgcc.a(_divmodsi4.o) (__udivmodsi4)
/usr/local/CrossPack-AVR-20130212/lib/gcc/avr/4.6.2/../../../../avr/lib/avr5/libc.a(rand.o)
                              pieces.o (rand)
/usr/local/CrossPack-AVR-20130212/lib/gcc/avr/4.6.2/../../../../avr/lib/avr5/libc.a(fgetc.o)
                              project.o (fgetc)
/usr/local/CrossPack-AVR-20130212/lib/gcc/avr/4.6.2/../../../../avr/lib/avr5/libc.a(iob.o)
                              project.o (__iob)
/usr/local/CrossPack-AVR-20130212/lib/gcc/avr/4.6.2/../../../../avr/lib/avr5/libc.a(printf_p.o)
                              terminalio.o (printf_P)
/usr/local/CrossPack-AVR-20130212/lib/gcc/avr/4.6.2/../../../../avr/lib/avr5/libc.a(putchar.o)
                              terminalio.o (putchar)
/usr/local/CrossPack-AVR-20130212/lib/gcc/avr/4.6.2/../../../../avr/lib/avr5/libc.a(puts.o)
                              project.o (puts)
/usr/local/CrossPack-AVR-20130212/lib/gcc/avr/4.6.2/../../../../avr/lib/avr5/libc.a(vfprintf_std.o)
                              /usr/local/CrossPack-AVR-20130212/lib/gcc/avr/4.6.2/../../../../avr/lib/avr5/libc.a(printf_p.o) (vfprintf)
/usr/local/CrossPack-AVR-20130212/lib/gcc/avr/4.6.2/../../../../avr/lib/avr5/libc.a(strnlen_P.o)
                              /usr/local/CrossPack-AVR-20130212/lib/gcc/avr/4.6.2/../../../../avr/lib/avr5/libc.a(vfprintf_std.o) (strnlen_P)
/usr/local/CrossPack-AVR-20130212/lib/gcc/avr/4.6.2/../../../../avr/lib/avr5/libc.a(strnlen.o)
                              /usr/local/CrossPack-AVR-20130212/lib/gcc/avr/4.6.2/../../../../avr/lib/avr5/libc.a(vfprintf_std.o) (strnlen)
/usr/local/CrossPack-AVR-20130212/lib/gcc/avr/4.6.2/../../../../avr/lib/avr5/libc.a(fputc.o)
                              /usr/local/CrossPack-AVR-20130212/lib/gcc/avr/4.6.2/../../../../avr/lib/avr5/libc.a(putchar.o) (fputc)
/usr/local/CrossPack-AVR-20130212/lib/gcc/avr/4.6.2/../../../../avr/lib/avr5/libc.a(ultoa_invert.o)
                              /usr/local/CrossPack-AVR-20130212/lib/gcc/avr/4.6.2/../../../../avr/lib/avr5/libc.a(vfprintf_std.o) (__ultoa_invert)
/usr/local/CrossPack-AVR-20130212/lib/gcc/avr/4.6.2/avr5/libgcc.a(_mulsi3.o)
                              /usr/local/CrossPack-AVR-20130212/lib/gcc/avr/4.6.2/../../../../avr/lib/avr5/libc.a(rand.o) (__mulsi3)
/usr/local/CrossPack-AVR-20130212/lib/gcc/avr/4.6.2/avr5/libgcc.a(_prologue.o)
                              /usr/local/CrossPack-AVR-20130212/lib/gcc/avr/4.6.2/../../../../avr/lib/avr5/libc.a(printf_p.o) (__prologue_saves__)
/usr/local/CrossPack-AVR-20130212/lib/gcc/avr/4.6.2/avr5/libgcc.a(_epilogue.o)
                              /usr/local/CrossPack-AVR-20130212/lib/gcc/avr/4.6.2/../../../../avr/lib/avr5/libc.a(printf_p.o) (__epilogue_restores__)

Allocating common symbols
Common symbol       size              file

out_insert_pos      0x1               serialio.o
bytes_in_out_buffer
                    0x1               serialio.o
board               0xf               board.o
JoystickX           0x2               joystick.o
out_buffer          0xff              serialio.o
input_insert_pos    0x1               serialio.o
display             0xe               led_display.o
JoystickY           0x2               joystick.o
score               0x2               score.o
input_buffer        0x10              serialio.o
input_overrun       0x1               serialio.o
piece_row_num       0x1               board.o
JoystickButtons     0x1               joystick.o
current_piece       0x6               board.o
__iob               0x6               /usr/local/CrossPack-AVR-20130212/lib/gcc/avr/4.6.2/../../../../avr/lib/avr5/libc.a(iob.o)
bytes_in_input_buffer
                    0x1               serialio.o

Memory Configuration

Name             Origin             Length             Attributes
text             0x00000000         0x00020000         xr
data             0x00800060         0x0000ffa0         rw !x
eeprom           0x00810000         0x00010000         rw !x
fuse             0x00820000         0x00000400         rw !x
lock             0x00830000         0x00000400         rw !x
signature        0x00840000         0x00000400         rw !x
*default*        0x00000000         0xffffffff

Linker script and memory map

Address of section .data set to 0x800100
LOAD /usr/local/CrossPack-AVR-20130212/lib/gcc/avr/4.6.2/../../../../avr/lib/avr5/crtm64.o
LOAD board.o
LOAD external_interrupt.o
LOAD joystick.o
LOAD keypad.o
LOAD led_display.o
LOAD pieces.o
LOAD project.o
LOAD score.o
LOAD scrolling_char_display.o
LOAD serialio.o
LOAD terminalio.o
LOAD timer2.o
LOAD /usr/local/CrossPack-AVR-20130212/lib/gcc/avr/4.6.2/../../../../avr/lib/avr5/libm.a
LOAD /usr/local/CrossPack-AVR-20130212/lib/gcc/avr/4.6.2/avr5/libgcc.a
LOAD /usr/local/CrossPack-AVR-20130212/lib/gcc/avr/4.6.2/../../../../avr/lib/avr5/libc.a
LOAD /usr/local/CrossPack-AVR-20130212/lib/gcc/avr/4.6.2/avr5/libgcc.a

.hash
 *(.hash)

.dynsym
 *(.dynsym)

.dynstr
 *(.dynstr)

.gnu.version
 *(.gnu.version)

.gnu.version_d
 *(.gnu.version_d)

.gnu.version_r
 *(.gnu.version_r)

.rel.init
 *(.rel.init)

.rela.init
 *(.rela.init)

.rel.text
 *(.rel.text)
 *(.rel.text.*)
 *(.rel.gnu.linkonce.t*)

.rela.text
 *(.rela.text)
 *(.rela.text.*)
 *(.rela.gnu.linkonce.t*)

.rel.fini
 *(.rel.fini)

.rela.fini
 *(.rela.fini)

.rel.rodata
 *(.rel.rodata)
 *(.rel.rodata.*)
 *(.rel.gnu.linkonce.r*)

.rela.rodata
 *(.rela.rodata)
 *(.rela.rodata.*)
 *(.rela.gnu.linkonce.r*)

.rel.data
 *(.rel.data)
 *(.rel.data.*)
 *(.rel.gnu.linkonce.d*)

.rela.data
 *(.rela.data)
 *(.rela.data.*)
 *(.rela.gnu.linkonce.d*)

.rel.ctors
 *(.rel.ctors)

.rela.ctors
 *(.rela.ctors)

.rel.dtors
 *(.rel.dtors)

.rela.dtors
 *(.rela.dtors)

.rel.got
 *(.rel.got)

.rela.got
 *(.rela.got)

.rel.bss
 *(.rel.bss)

.rela.bss
 *(.rela.bss)

.rel.plt
 *(.rel.plt)

.rela.plt
 *(.rela.plt)

.text           0x00000000     0x1a0c
 *(.vectors)
 .vectors       0x00000000       0x8c /usr/local/CrossPack-AVR-20130212/lib/gcc/avr/4.6.2/../../../../avr/lib/avr5/crtm64.o
                0x00000000                __vectors
                0x00000000                __vector_default
 *(.vectors)
 *(.progmem.gcc*)
 *(.progmem*)
 .progmem.data  0x0000008c       0xde scrolling_char_display.o
 .progmem.data  0x0000016a       0x29 terminalio.o
                0x00000194                . = ALIGN (0x2)
 *fill*         0x00000193        0x1 00
                0x00000194                __trampolines_start = .
 *(.trampolines)
 .trampolines   0x00000194        0x0 linker stubs
 *(.trampolines*)
                0x00000194                __trampolines_end = .
 *(.jumptables)
 *(.jumptables*)
 *(.lowtext)
 *(.lowtext*)
                0x00000194                __ctors_start = .
 *(.ctors)
                0x00000194                __ctors_end = .
                0x00000194                __dtors_start = .
 *(.dtors)
                0x00000194                __dtors_end = .
 SORT(*)(.ctors)
 SORT(*)(.dtors)
 *(.init0)
 .init0         0x00000194        0x0 /usr/local/CrossPack-AVR-20130212/lib/gcc/avr/4.6.2/../../../../avr/lib/avr5/crtm64.o
                0x00000194                __init
 *(.init0)
 *(.init1)
 *(.init1)
 *(.init2)
 .init2         0x00000194        0xc /usr/local/CrossPack-AVR-20130212/lib/gcc/avr/4.6.2/../../../../avr/lib/avr5/crtm64.o
 *(.init2)
 *(.init3)
 *(.init3)
 *(.init4)
 .init4         0x000001a0       0x16 /usr/local/CrossPack-AVR-20130212/lib/gcc/avr/4.6.2/avr5/libgcc.a(_copy_data.o)
                0x000001a0                __do_copy_data
 .init4         0x000001b6       0x10 /usr/local/CrossPack-AVR-20130212/lib/gcc/avr/4.6.2/avr5/libgcc.a(_clear_bss.o)
                0x000001b6                __do_clear_bss
 *(.init4)
 *(.init5)
 *(.init5)
 *(.init6)
 *(.init6)
 *(.init7)
 *(.init7)
 *(.init8)
 *(.init8)
 *(.init9)
 .init9         0x000001c6        0x8 /usr/local/CrossPack-AVR-20130212/lib/gcc/avr/4.6.2/../../../../avr/lib/avr5/crtm64.o
 *(.init9)
 *(.text)
 .text          0x000001ce        0x4 /usr/local/CrossPack-AVR-20130212/lib/gcc/avr/4.6.2/../../../../avr/lib/avr5/crtm64.o
                0x000001ce                __vector_20
                0x000001ce                __vector_28
                0x000001ce                __vector_32
                0x000001ce                __vector_34
                0x000001ce                __vector_24
                0x000001ce                __vector_12
                0x000001ce                __bad_interrupt
                0x000001ce                __vector_6
                0x000001ce                __vector_31
                0x000001ce                __vector_23
                0x000001ce                __vector_30
                0x000001ce                __vector_25
                0x000001ce                __vector_11
                0x000001ce                __vector_13
                0x000001ce                __vector_17
                0x000001ce                __vector_7
                0x000001ce                __vector_27
                0x000001ce                __vector_5
                0x000001ce                __vector_33
                0x000001ce                __vector_21
                0x000001ce                __vector_15
                0x000001ce                __vector_29
                0x000001ce                __vector_8
                0x000001ce                __vector_26
                0x000001ce                __vector_14
                0x000001ce                __vector_10
                0x000001ce                __vector_16
                0x000001ce                __vector_22
 .text          0x000001d2      0x2c6 board.o
                0x000001d2                init_board
                0x000001e6                copy_board_to_led_display
                0x000002b8                have_current_piece
                0x000002c6                fix_piece_to_board
                0x000002f6                check_for_completed_rows
                0x000002f8                piece_overlap
                0x00000332                attempt_rotation
                0x0000038e                attempt_drop_piece_one_row
                0x000003b6                attempt_move
                0x00000422                add_random_piece
 .text          0x00000498       0x9c external_interrupt.o
                0x00000498                init_external_interrupts
                0x000004ac                button_pushed
                0x000004c2                __vector_1
                0x000004da                __vector_2
                0x000004f8                __vector_3
                0x00000516                __vector_4
 .text          0x00000534       0xf2 joystick.o
                0x00000548                init_joystick
                0x0000055a                check_joystick
 .text          0x00000626      0x102 keypad.o
                0x00000626                init_keypad
                0x0000063e                check_keypad_column
                0x00000714                keypad_button_pushed
 .text          0x00000728       0x82 led_display.o
                0x00000728                init_led_display
                0x00000770                display_row
 .text          0x000007aa      0x1fa pieces.o
                0x000007aa                copy_piece
                0x000007dc                rotate_piece
                0x000008c6                generate_random_piece
                0x0000096e                move_piece_left
                0x000009a0                move_piece_right
 .text          0x000009a4      0x1ee project.o
                0x000009a4                timer_activities
                0x000009ae                new_game
                0x000009c8                play_game
                0x00000adc                handle_game_over
                0x00000ade                initialise_hardware
                0x00000b08                splash_screen
 .text          0x00000b92       0x2a score.o
                0x00000b92                init_score
                0x00000b9c                add_to_score
                0x00000bb2                get_score
 .text          0x00000bbc      0x12e scrolling_char_display.o
                0x00000bbc                set_scrolling_display_text
                0x00000bc6                scroll_display
 .text          0x00000cea      0x272 serialio.o
                0x00000da6                init_serial_stdio
                0x00000e2a                serial_input_available
                0x00000e38                clear_serial_input_buffer
                0x00000e42                __vector_19
                0x00000eb8                __vector_18
 .text          0x00000f5c      0x168 terminalio.o
                0x00000f5c                move_cursor
                0x00000f96                normal_display_mode
                0x00000fae                reverse_video
                0x00000fc6                clear_terminal
                0x00000fde                clear_to_end_of_line
                0x00000ff6                set_display_attribute
                0x0000101e                draw_horizontal_line
                0x00001068                draw_vertical_line
 .text          0x000010c4       0xc8 timer2.o
                0x000010c4                init_timer2
                0x000010ec                get_clock_ticks
                0x00001114                __vector_9
 .text          0x0000118c        0x0 /usr/local/CrossPack-AVR-20130212/lib/gcc/avr/4.6.2/avr5/libgcc.a(_divmodhi4.o)
 .text          0x0000118c        0x0 /usr/local/CrossPack-AVR-20130212/lib/gcc/avr/4.6.2/avr5/libgcc.a(_divmodsi4.o)
 .text          0x0000118c        0x0 /usr/local/CrossPack-AVR-20130212/lib/gcc/avr/4.6.2/avr5/libgcc.a(_exit.o)
 .text          0x0000118c        0x0 /usr/local/CrossPack-AVR-20130212/lib/gcc/avr/4.6.2/avr5/libgcc.a(_copy_data.o)
 .text          0x0000118c        0x0 /usr/local/CrossPack-AVR-20130212/lib/gcc/avr/4.6.2/avr5/libgcc.a(_clear_bss.o)
 .text          0x0000118c        0x0 /usr/local/CrossPack-AVR-20130212/lib/gcc/avr/4.6.2/avr5/libgcc.a(_udivmodhi4.o)
 .text          0x0000118c        0x0 /usr/local/CrossPack-AVR-20130212/lib/gcc/avr/4.6.2/avr5/libgcc.a(_udivmodsi4.o)
 .text          0x0000118c        0x0 /usr/local/CrossPack-AVR-20130212/lib/gcc/avr/4.6.2/../../../../avr/lib/avr5/libc.a(rand.o)
 .text          0x0000118c        0x0 /usr/local/CrossPack-AVR-20130212/lib/gcc/avr/4.6.2/../../../../avr/lib/avr5/libc.a(fgetc.o)
 .text          0x0000118c        0x0 /usr/local/CrossPack-AVR-20130212/lib/gcc/avr/4.6.2/../../../../avr/lib/avr5/libc.a(iob.o)
 .text          0x0000118c        0x0 /usr/local/CrossPack-AVR-20130212/lib/gcc/avr/4.6.2/../../../../avr/lib/avr5/libc.a(printf_p.o)
 .text          0x0000118c        0x0 /usr/local/CrossPack-AVR-20130212/lib/gcc/avr/4.6.2/../../../../avr/lib/avr5/libc.a(putchar.o)
 .text          0x0000118c        0x0 /usr/local/CrossPack-AVR-20130212/lib/gcc/avr/4.6.2/../../../../avr/lib/avr5/libc.a(puts.o)
 .text          0x0000118c        0x0 /usr/local/CrossPack-AVR-20130212/lib/gcc/avr/4.6.2/../../../../avr/lib/avr5/libc.a(vfprintf_std.o)
 .text          0x0000118c        0x0 /usr/local/CrossPack-AVR-20130212/lib/gcc/avr/4.6.2/../../../../avr/lib/avr5/libc.a(strnlen_P.o)
 .text          0x0000118c        0x0 /usr/local/CrossPack-AVR-20130212/lib/gcc/avr/4.6.2/../../../../avr/lib/avr5/libc.a(strnlen.o)
 .text          0x0000118c        0x0 /usr/local/CrossPack-AVR-20130212/lib/gcc/avr/4.6.2/../../../../avr/lib/avr5/libc.a(fputc.o)
 .text          0x0000118c        0x0 /usr/local/CrossPack-AVR-20130212/lib/gcc/avr/4.6.2/../../../../avr/lib/avr5/libc.a(ultoa_invert.o)
 .text          0x0000118c        0x0 /usr/local/CrossPack-AVR-20130212/lib/gcc/avr/4.6.2/avr5/libgcc.a(_mulsi3.o)
 .text          0x0000118c        0x0 /usr/local/CrossPack-AVR-20130212/lib/gcc/avr/4.6.2/avr5/libgcc.a(_prologue.o)
 .text          0x0000118c        0x0 /usr/local/CrossPack-AVR-20130212/lib/gcc/avr/4.6.2/avr5/libgcc.a(_epilogue.o)
                0x0000118c                . = ALIGN (0x2)
 *(.text.*)
 .text.startup  0x0000118c       0x12 project.o
                0x0000118c                main
 .text.libgcc   0x0000119e       0x26 /usr/local/CrossPack-AVR-20130212/lib/gcc/avr/4.6.2/avr5/libgcc.a(_divmodhi4.o)
                0x0000119e                __divmodhi4
                0x0000119e                _div
 .text.libgcc   0x000011c4       0x36 /usr/local/CrossPack-AVR-20130212/lib/gcc/avr/4.6.2/avr5/libgcc.a(_divmodsi4.o)
                0x000011c4                __divmodsi4
 .text.libgcc   0x000011fa        0x0 /usr/local/CrossPack-AVR-20130212/lib/gcc/avr/4.6.2/avr5/libgcc.a(_exit.o)
 .text.libgcc   0x000011fa        0x0 /usr/local/CrossPack-AVR-20130212/lib/gcc/avr/4.6.2/avr5/libgcc.a(_copy_data.o)
 .text.libgcc   0x000011fa        0x0 /usr/local/CrossPack-AVR-20130212/lib/gcc/avr/4.6.2/avr5/libgcc.a(_clear_bss.o)
 .text.libgcc   0x000011fa       0x28 /usr/local/CrossPack-AVR-20130212/lib/gcc/avr/4.6.2/avr5/libgcc.a(_udivmodhi4.o)
                0x000011fa                __udivmodhi4
 .text.libgcc   0x00001222       0x44 /usr/local/CrossPack-AVR-20130212/lib/gcc/avr/4.6.2/avr5/libgcc.a(_udivmodsi4.o)
                0x00001222                __udivmodsi4
 .text.avr-libc
                0x00001266       0xca /usr/local/CrossPack-AVR-20130212/lib/gcc/avr/4.6.2/../../../../avr/lib/avr5/libc.a(rand.o)
                0x0000130a                rand_r
                0x00001310                rand
                0x0000131a                srand
 .text.avr-libc
                0x00001330       0x80 /usr/local/CrossPack-AVR-20130212/lib/gcc/avr/4.6.2/../../../../avr/lib/avr5/libc.a(fgetc.o)
                0x00001330                fgetc
 .text.avr-libc
                0x000013b0       0x46 /usr/local/CrossPack-AVR-20130212/lib/gcc/avr/4.6.2/../../../../avr/lib/avr5/libc.a(printf_p.o)
                0x000013b0                printf_P
 .text.avr-libc
                0x000013f6        0xe /usr/local/CrossPack-AVR-20130212/lib/gcc/avr/4.6.2/../../../../avr/lib/avr5/libc.a(putchar.o)
                0x000013f6                putchar
 .text.avr-libc
                0x00001404       0x5c /usr/local/CrossPack-AVR-20130212/lib/gcc/avr/4.6.2/../../../../avr/lib/avr5/libc.a(puts.o)
                0x00001404                puts
 .text.avr-libc
                0x00001460      0x3bc /usr/local/CrossPack-AVR-20130212/lib/gcc/avr/4.6.2/../../../../avr/lib/avr5/libc.a(vfprintf_std.o)
                0x00001460                vfprintf
 .text.avr-libc
                0x0000181c       0x16 /usr/local/CrossPack-AVR-20130212/lib/gcc/avr/4.6.2/../../../../avr/lib/avr5/libc.a(strnlen_P.o)
                0x0000181c                strnlen_P
 .text.avr-libc
                0x00001832       0x16 /usr/local/CrossPack-AVR-20130212/lib/gcc/avr/4.6.2/../../../../avr/lib/avr5/libc.a(strnlen.o)
                0x00001832                strnlen
 .text.avr-libc
                0x00001848       0x58 /usr/local/CrossPack-AVR-20130212/lib/gcc/avr/4.6.2/../../../../avr/lib/avr5/libc.a(fputc.o)
                0x00001848                fputc
 .text.avr-libc
                0x000018a0       0xbc /usr/local/CrossPack-AVR-20130212/lib/gcc/avr/4.6.2/../../../../avr/lib/avr5/libc.a(ultoa_invert.o)
                0x000018a0                __ultoa_invert
 .text.libgcc   0x0000195c       0x3e /usr/local/CrossPack-AVR-20130212/lib/gcc/avr/4.6.2/avr5/libgcc.a(_mulsi3.o)
                0x0000195c                __mulsi3
 .text.libgcc   0x0000199a       0x38 /usr/local/CrossPack-AVR-20130212/lib/gcc/avr/4.6.2/avr5/libgcc.a(_prologue.o)
                0x0000199a                __prologue_saves__
 .text.libgcc   0x000019d2       0x36 /usr/local/CrossPack-AVR-20130212/lib/gcc/avr/4.6.2/avr5/libgcc.a(_epilogue.o)
                0x000019d2                __epilogue_restores__
                0x00001a08                . = ALIGN (0x2)
 *(.fini9)
 .fini9         0x00001a08        0x0 /usr/local/CrossPack-AVR-20130212/lib/gcc/avr/4.6.2/avr5/libgcc.a(_exit.o)
                0x00001a08                exit
                0x00001a08                _exit
 *(.fini9)
 *(.fini8)
 *(.fini8)
 *(.fini7)
 *(.fini7)
 *(.fini6)
 *(.fini6)
 *(.fini5)
 *(.fini5)
 *(.fini4)
 *(.fini4)
 *(.fini3)
 *(.fini3)
 *(.fini2)
 *(.fini2)
 *(.fini1)
 *(.fini1)
 *(.fini0)
 .fini0         0x00001a08        0x4 /usr/local/CrossPack-AVR-20130212/lib/gcc/avr/4.6.2/avr5/libgcc.a(_exit.o)
 *(.fini0)
                0x00001a0c                _etext = .

.data           0x00800100       0x7a load address 0x00001a0c
                0x00800100                PROVIDE (__data_start, .)
 *(.data)
 .data          0x00800100        0x0 /usr/local/CrossPack-AVR-20130212/lib/gcc/avr/4.6.2/../../../../avr/lib/avr5/crtm64.o
 .data          0x00800100        0x0 board.o
 .data          0x00800100        0x1 external_interrupt.o
 .data          0x00800101        0x0 joystick.o
 .data          0x00800101       0x1e keypad.o
 .data          0x0080011f        0x0 led_display.o
 .data          0x0080011f       0x1e pieces.o
                0x0080011f                piece_library
 .data          0x0080013d       0x2a project.o
 .data          0x00800167        0x0 score.o
 .data          0x00800167        0x0 scrolling_char_display.o
 .data          0x00800167        0xe serialio.o
 .data          0x00800175        0x0 terminalio.o
 .data          0x00800175        0x0 timer2.o
 .data          0x00800175        0x0 /usr/local/CrossPack-AVR-20130212/lib/gcc/avr/4.6.2/avr5/libgcc.a(_divmodhi4.o)
 .data          0x00800175        0x0 /usr/local/CrossPack-AVR-20130212/lib/gcc/avr/4.6.2/avr5/libgcc.a(_divmodsi4.o)
 .data          0x00800175        0x0 /usr/local/CrossPack-AVR-20130212/lib/gcc/avr/4.6.2/avr5/libgcc.a(_exit.o)
 .data          0x00800175        0x0 /usr/local/CrossPack-AVR-20130212/lib/gcc/avr/4.6.2/avr5/libgcc.a(_copy_data.o)
 .data          0x00800175        0x0 /usr/local/CrossPack-AVR-20130212/lib/gcc/avr/4.6.2/avr5/libgcc.a(_clear_bss.o)
 .data          0x00800175        0x0 /usr/local/CrossPack-AVR-20130212/lib/gcc/avr/4.6.2/avr5/libgcc.a(_udivmodhi4.o)
 .data          0x00800175        0x0 /usr/local/CrossPack-AVR-20130212/lib/gcc/avr/4.6.2/avr5/libgcc.a(_udivmodsi4.o)
 .data          0x00800175        0x4 /usr/local/CrossPack-AVR-20130212/lib/gcc/avr/4.6.2/../../../../avr/lib/avr5/libc.a(rand.o)
 .data          0x00800179        0x0 /usr/local/CrossPack-AVR-20130212/lib/gcc/avr/4.6.2/../../../../avr/lib/avr5/libc.a(fgetc.o)
 .data          0x00800179        0x0 /usr/local/CrossPack-AVR-20130212/lib/gcc/avr/4.6.2/../../../../avr/lib/avr5/libc.a(iob.o)
 .data          0x00800179        0x0 /usr/local/CrossPack-AVR-20130212/lib/gcc/avr/4.6.2/../../../../avr/lib/avr5/libc.a(printf_p.o)
 .data          0x00800179        0x0 /usr/local/CrossPack-AVR-20130212/lib/gcc/avr/4.6.2/../../../../avr/lib/avr5/libc.a(putchar.o)
 .data          0x00800179        0x0 /usr/local/CrossPack-AVR-20130212/lib/gcc/avr/4.6.2/../../../../avr/lib/avr5/libc.a(puts.o)
 .data          0x00800179        0x0 /usr/local/CrossPack-AVR-20130212/lib/gcc/avr/4.6.2/../../../../avr/lib/avr5/libc.a(vfprintf_std.o)
 .data          0x00800179        0x0 /usr/local/CrossPack-AVR-20130212/lib/gcc/avr/4.6.2/../../../../avr/lib/avr5/libc.a(strnlen_P.o)
 .data          0x00800179        0x0 /usr/local/CrossPack-AVR-20130212/lib/gcc/avr/4.6.2/../../../../avr/lib/avr5/libc.a(strnlen.o)
 .data          0x00800179        0x0 /usr/local/CrossPack-AVR-20130212/lib/gcc/avr/4.6.2/../../../../avr/lib/avr5/libc.a(fputc.o)
 .data          0x00800179        0x0 /usr/local/CrossPack-AVR-20130212/lib/gcc/avr/4.6.2/../../../../avr/lib/avr5/libc.a(ultoa_invert.o)
 .data          0x00800179        0x0 /usr/local/CrossPack-AVR-20130212/lib/gcc/avr/4.6.2/avr5/libgcc.a(_mulsi3.o)
 .data          0x00800179        0x0 /usr/local/CrossPack-AVR-20130212/lib/gcc/avr/4.6.2/avr5/libgcc.a(_prologue.o)
 .data          0x00800179        0x0 /usr/local/CrossPack-AVR-20130212/lib/gcc/avr/4.6.2/avr5/libgcc.a(_epilogue.o)
 *(.data*)
 *(.rodata)
 *(.rodata*)
 *(.gnu.linkonce.d*)
                0x0080017a                . = ALIGN (0x2)
 *fill*         0x00800179        0x1 00
                0x0080017a                _edata = .
                0x0080017a                PROVIDE (__data_end, .)

.bss            0x0080017a      0x15c
                0x0080017a                PROVIDE (__bss_start, .)
 *(.bss)
 .bss           0x0080017a        0x0 /usr/local/CrossPack-AVR-20130212/lib/gcc/avr/4.6.2/../../../../avr/lib/avr5/crtm64.o
 .bss           0x0080017a        0x0 board.o
 .bss           0x0080017a        0x0 external_interrupt.o
 .bss           0x0080017a        0x0 joystick.o
 .bss           0x0080017a        0x9 keypad.o
 .bss           0x00800183        0x1 led_display.o
 .bss           0x00800184        0x0 pieces.o
 .bss           0x00800184        0x0 project.o
 .bss           0x00800184        0x0 score.o
 .bss           0x00800184        0x6 scrolling_char_display.o
 .bss           0x0080018a        0x1 serialio.o
 .bss           0x0080018b        0x0 terminalio.o
 .bss           0x0080018b        0x6 timer2.o
 .bss           0x00800191        0x0 /usr/local/CrossPack-AVR-20130212/lib/gcc/avr/4.6.2/avr5/libgcc.a(_divmodhi4.o)
 .bss           0x00800191        0x0 /usr/local/CrossPack-AVR-20130212/lib/gcc/avr/4.6.2/avr5/libgcc.a(_divmodsi4.o)
 .bss           0x00800191        0x0 /usr/local/CrossPack-AVR-20130212/lib/gcc/avr/4.6.2/avr5/libgcc.a(_exit.o)
 .bss           0x00800191        0x0 /usr/local/CrossPack-AVR-20130212/lib/gcc/avr/4.6.2/avr5/libgcc.a(_copy_data.o)
 .bss           0x00800191        0x0 /usr/local/CrossPack-AVR-20130212/lib/gcc/avr/4.6.2/avr5/libgcc.a(_clear_bss.o)
 .bss           0x00800191        0x0 /usr/local/CrossPack-AVR-20130212/lib/gcc/avr/4.6.2/avr5/libgcc.a(_udivmodhi4.o)
 .bss           0x00800191        0x0 /usr/local/CrossPack-AVR-20130212/lib/gcc/avr/4.6.2/avr5/libgcc.a(_udivmodsi4.o)
 .bss           0x00800191        0x0 /usr/local/CrossPack-AVR-20130212/lib/gcc/avr/4.6.2/../../../../avr/lib/avr5/libc.a(rand.o)
 .bss           0x00800191        0x0 /usr/local/CrossPack-AVR-20130212/lib/gcc/avr/4.6.2/../../../../avr/lib/avr5/libc.a(fgetc.o)
 .bss           0x00800191        0x0 /usr/local/CrossPack-AVR-20130212/lib/gcc/avr/4.6.2/../../../../avr/lib/avr5/libc.a(iob.o)
 .bss           0x00800191        0x0 /usr/local/CrossPack-AVR-20130212/lib/gcc/avr/4.6.2/../../../../avr/lib/avr5/libc.a(printf_p.o)
 .bss           0x00800191        0x0 /usr/local/CrossPack-AVR-20130212/lib/gcc/avr/4.6.2/../../../../avr/lib/avr5/libc.a(putchar.o)
 .bss           0x00800191        0x0 /usr/local/CrossPack-AVR-20130212/lib/gcc/avr/4.6.2/../../../../avr/lib/avr5/libc.a(puts.o)
 .bss           0x00800191        0x0 /usr/local/CrossPack-AVR-20130212/lib/gcc/avr/4.6.2/../../../../avr/lib/avr5/libc.a(vfprintf_std.o)
 .bss           0x00800191        0x0 /usr/local/CrossPack-AVR-20130212/lib/gcc/avr/4.6.2/../../../../avr/lib/avr5/libc.a(strnlen_P.o)
 .bss           0x00800191        0x0 /usr/local/CrossPack-AVR-20130212/lib/gcc/avr/4.6.2/../../../../avr/lib/avr5/libc.a(strnlen.o)
 .bss           0x00800191        0x0 /usr/local/CrossPack-AVR-20130212/lib/gcc/avr/4.6.2/../../../../avr/lib/avr5/libc.a(fputc.o)
 .bss           0x00800191        0x0 /usr/local/CrossPack-AVR-20130212/lib/gcc/avr/4.6.2/../../../../avr/lib/avr5/libc.a(ultoa_invert.o)
 .bss           0x00800191        0x0 /usr/local/CrossPack-AVR-20130212/lib/gcc/avr/4.6.2/avr5/libgcc.a(_mulsi3.o)
 .bss           0x00800191        0x0 /usr/local/CrossPack-AVR-20130212/lib/gcc/avr/4.6.2/avr5/libgcc.a(_prologue.o)
 .bss           0x00800191        0x0 /usr/local/CrossPack-AVR-20130212/lib/gcc/avr/4.6.2/avr5/libgcc.a(_epilogue.o)
 *(.bss*)
 *(COMMON)
 COMMON         0x00800191       0x16 board.o
                0x00800191                board
                0x008001a0                piece_row_num
                0x008001a1                current_piece
 COMMON         0x008001a7        0x5 joystick.o
                0x008001a7                JoystickX
                0x008001a9                JoystickY
                0x008001ab                JoystickButtons
 COMMON         0x008001ac        0xe led_display.o
                0x008001ac                display
 COMMON         0x008001ba        0x2 score.o
                0x008001ba                score
 COMMON         0x008001bc      0x114 serialio.o
                0x008001bc                out_insert_pos
                0x008001bd                bytes_in_out_buffer
                0x008001be                out_buffer
                0x008002bd                input_insert_pos
                0x008002be                input_buffer
                0x008002ce                input_overrun
                0x008002cf                bytes_in_input_buffer
 COMMON         0x008002d0        0x6 /usr/local/CrossPack-AVR-20130212/lib/gcc/avr/4.6.2/../../../../avr/lib/avr5/libc.a(iob.o)
                0x008002d0                __iob
                0x008002d6                PROVIDE (__bss_end, .)
                0x00001a0c                __data_load_start = LOADADDR (.data)
                0x00001a86                __data_load_end = (__data_load_start + SIZEOF (.data))

.noinit         0x008002d6        0x0
                0x008002d6                PROVIDE (__noinit_start, .)
 *(.noinit*)
                0x008002d6                PROVIDE (__noinit_end, .)
                0x008002d6                _end = .
                0x008002d6                PROVIDE (__heap_start, .)

.eeprom         0x00810000        0x0
 *(.eeprom*)
                0x00810000                __eeprom_end = .

.fuse
 *(.fuse)
 *(.lfuse)
 *(.hfuse)
 *(.efuse)

.lock
 *(.lock*)

.signature
 *(.signature*)

.stab           0x00000000      0xc84
 *(.stab)
 .stab          0x00000000      0x6cc /usr/local/CrossPack-AVR-20130212/lib/gcc/avr/4.6.2/../../../../avr/lib/avr5/crtm64.o
 .stab          0x000006cc       0x9c /usr/local/CrossPack-AVR-20130212/lib/gcc/avr/4.6.2/../../../../avr/lib/avr5/libc.a(strnlen_P.o)
                                 0xa8 (size before relaxing)
 .stab          0x00000768       0x9c /usr/local/CrossPack-AVR-20130212/lib/gcc/avr/4.6.2/../../../../avr/lib/avr5/libc.a(strnlen.o)
                                 0xa8 (size before relaxing)
 .stab          0x00000804      0x480 /usr/local/CrossPack-AVR-20130212/lib/gcc/avr/4.6.2/../../../../avr/lib/avr5/libc.a(ultoa_invert.o)
                                0x48c (size before relaxing)

.stabstr        0x00000000      0x19d
 *(.stabstr)
 .stabstr       0x00000000      0x19d /usr/local/CrossPack-AVR-20130212/lib/gcc/avr/4.6.2/../../../../avr/lib/avr5/crtm64.o

.stab.excl
 *(.stab.excl)

.stab.exclstr
 *(.stab.exclstr)

.stab.index
 *(.stab.index)

.stab.indexstr
 *(.stab.indexstr)

.comment
 *(.comment)

.debug
 *(.debug)

.line
 *(.line)

.debug_srcinfo
 *(.debug_srcinfo)

.debug_sfnames
 *(.debug_sfnames)

.debug_aranges  0x00000000      0x3c0
 *(.debug_aranges)
 .debug_aranges
                0x00000000       0x20 board.o
 .debug_aranges
                0x00000020       0x20 external_interrupt.o
 .debug_aranges
                0x00000040       0x20 joystick.o
 .debug_aranges
                0x00000060       0x20 keypad.o
 .debug_aranges
                0x00000080       0x20 led_display.o
 .debug_aranges
                0x000000a0       0x20 pieces.o
 .debug_aranges
                0x000000c0       0x28 project.o
 .debug_aranges
                0x000000e8       0x20 score.o
 .debug_aranges
                0x00000108       0x20 scrolling_char_display.o
 .debug_aranges
                0x00000128       0x20 serialio.o
 .debug_aranges
                0x00000148       0x20 terminalio.o
 .debug_aranges
                0x00000168       0x20 timer2.o
 .debug_aranges
                0x00000188       0x20 /usr/local/CrossPack-AVR-20130212/lib/gcc/avr/4.6.2/avr5/libgcc.a(_divmodhi4.o)
 .debug_aranges
                0x000001a8       0x20 /usr/local/CrossPack-AVR-20130212/lib/gcc/avr/4.6.2/avr5/libgcc.a(_divmodsi4.o)
 .debug_aranges
                0x000001c8       0x20 /usr/local/CrossPack-AVR-20130212/lib/gcc/avr/4.6.2/avr5/libgcc.a(_exit.o)
 .debug_aranges
                0x000001e8       0x20 /usr/local/CrossPack-AVR-20130212/lib/gcc/avr/4.6.2/avr5/libgcc.a(_copy_data.o)
 .debug_aranges
                0x00000208       0x20 /usr/local/CrossPack-AVR-20130212/lib/gcc/avr/4.6.2/avr5/libgcc.a(_clear_bss.o)
 .debug_aranges
                0x00000228       0x20 /usr/local/CrossPack-AVR-20130212/lib/gcc/avr/4.6.2/avr5/libgcc.a(_udivmodhi4.o)
 .debug_aranges
                0x00000248       0x20 /usr/local/CrossPack-AVR-20130212/lib/gcc/avr/4.6.2/avr5/libgcc.a(_udivmodsi4.o)
 .debug_aranges
                0x00000268       0x38 /usr/local/CrossPack-AVR-20130212/lib/gcc/avr/4.6.2/../../../../avr/lib/avr5/libc.a(rand.o)
 .debug_aranges
                0x000002a0       0x20 /usr/local/CrossPack-AVR-20130212/lib/gcc/avr/4.6.2/../../../../avr/lib/avr5/libc.a(fgetc.o)
 .debug_aranges
                0x000002c0       0x20 /usr/local/CrossPack-AVR-20130212/lib/gcc/avr/4.6.2/../../../../avr/lib/avr5/libc.a(printf_p.o)
 .debug_aranges
                0x000002e0       0x20 /usr/local/CrossPack-AVR-20130212/lib/gcc/avr/4.6.2/../../../../avr/lib/avr5/libc.a(putchar.o)
 .debug_aranges
                0x00000300       0x20 /usr/local/CrossPack-AVR-20130212/lib/gcc/avr/4.6.2/../../../../avr/lib/avr5/libc.a(puts.o)
 .debug_aranges
                0x00000320       0x20 /usr/local/CrossPack-AVR-20130212/lib/gcc/avr/4.6.2/../../../../avr/lib/avr5/libc.a(vfprintf_std.o)
 .debug_aranges
                0x00000340       0x20 /usr/local/CrossPack-AVR-20130212/lib/gcc/avr/4.6.2/../../../../avr/lib/avr5/libc.a(fputc.o)
 .debug_aranges
                0x00000360       0x20 /usr/local/CrossPack-AVR-20130212/lib/gcc/avr/4.6.2/avr5/libgcc.a(_mulsi3.o)
 .debug_aranges
                0x00000380       0x20 /usr/local/CrossPack-AVR-20130212/lib/gcc/avr/4.6.2/avr5/libgcc.a(_prologue.o)
 .debug_aranges
                0x000003a0       0x20 /usr/local/CrossPack-AVR-20130212/lib/gcc/avr/4.6.2/avr5/libgcc.a(_epilogue.o)

.debug_pubnames
 *(.debug_pubnames)

.debug_info     0x00000000     0x3140
 *(.debug_info)
 .debug_info    0x00000000      0x340 board.o
 .debug_info    0x00000340      0x1c0 external_interrupt.o
 .debug_info    0x00000500      0x1b6 joystick.o
 .debug_info    0x000006b6      0x1d8 keypad.o
 .debug_info    0x0000088e       0xff led_display.o
 .debug_info    0x0000098d      0x29b pieces.o
 .debug_info    0x00000c28      0x268 project.o
 .debug_info    0x00000e90       0xe2 score.o
 .debug_info    0x00000f72      0x5c1 scrolling_char_display.o
 .debug_info    0x00001533      0x405 serialio.o
 .debug_info    0x00001938      0x1c1 terminalio.o
 .debug_info    0x00001af9      0x133 timer2.o
 .debug_info    0x00001c2c       0xc0 /usr/local/CrossPack-AVR-20130212/lib/gcc/avr/4.6.2/avr5/libgcc.a(_divmodhi4.o)
 .debug_info    0x00001cec       0xc0 /usr/local/CrossPack-AVR-20130212/lib/gcc/avr/4.6.2/avr5/libgcc.a(_divmodsi4.o)
 .debug_info    0x00001dac       0xc0 /usr/local/CrossPack-AVR-20130212/lib/gcc/avr/4.6.2/avr5/libgcc.a(_exit.o)
 .debug_info    0x00001e6c       0xc0 /usr/local/CrossPack-AVR-20130212/lib/gcc/avr/4.6.2/avr5/libgcc.a(_copy_data.o)
 .debug_info    0x00001f2c       0xc0 /usr/local/CrossPack-AVR-20130212/lib/gcc/avr/4.6.2/avr5/libgcc.a(_clear_bss.o)
 .debug_info    0x00001fec       0xc0 /usr/local/CrossPack-AVR-20130212/lib/gcc/avr/4.6.2/avr5/libgcc.a(_udivmodhi4.o)
 .debug_info    0x000020ac       0xc0 /usr/local/CrossPack-AVR-20130212/lib/gcc/avr/4.6.2/avr5/libgcc.a(_udivmodsi4.o)
 .debug_info    0x0000216c      0x124 /usr/local/CrossPack-AVR-20130212/lib/gcc/avr/4.6.2/../../../../avr/lib/avr5/libc.a(rand.o)
 .debug_info    0x00002290      0x16c /usr/local/CrossPack-AVR-20130212/lib/gcc/avr/4.6.2/../../../../avr/lib/avr5/libc.a(fgetc.o)
 .debug_info    0x000023fc      0x153 /usr/local/CrossPack-AVR-20130212/lib/gcc/avr/4.6.2/../../../../avr/lib/avr5/libc.a(iob.o)
 .debug_info    0x0000254f      0x1ca /usr/local/CrossPack-AVR-20130212/lib/gcc/avr/4.6.2/../../../../avr/lib/avr5/libc.a(printf_p.o)
 .debug_info    0x00002719      0x187 /usr/local/CrossPack-AVR-20130212/lib/gcc/avr/4.6.2/../../../../avr/lib/avr5/libc.a(putchar.o)
 .debug_info    0x000028a0      0x1af /usr/local/CrossPack-AVR-20130212/lib/gcc/avr/4.6.2/../../../../avr/lib/avr5/libc.a(puts.o)
 .debug_info    0x00002a4f      0x346 /usr/local/CrossPack-AVR-20130212/lib/gcc/avr/4.6.2/../../../../avr/lib/avr5/libc.a(vfprintf_std.o)
 .debug_info    0x00002d95      0x16b /usr/local/CrossPack-AVR-20130212/lib/gcc/avr/4.6.2/../../../../avr/lib/avr5/libc.a(fputc.o)
 .debug_info    0x00002f00       0xc0 /usr/local/CrossPack-AVR-20130212/lib/gcc/avr/4.6.2/avr5/libgcc.a(_mulsi3.o)
 .debug_info    0x00002fc0       0xc0 /usr/local/CrossPack-AVR-20130212/lib/gcc/avr/4.6.2/avr5/libgcc.a(_prologue.o)
 .debug_info    0x00003080       0xc0 /usr/local/CrossPack-AVR-20130212/lib/gcc/avr/4.6.2/avr5/libgcc.a(_epilogue.o)
 *(.gnu.linkonce.wi.*)

.debug_abbrev   0x00000000     0x14bf
 *(.debug_abbrev)
 .debug_abbrev  0x00000000      0x19d board.o
 .debug_abbrev  0x0000019d       0xc8 external_interrupt.o
 .debug_abbrev  0x00000265       0xdc joystick.o
 .debug_abbrev  0x00000341       0xef keypad.o
 .debug_abbrev  0x00000430       0xa7 led_display.o
 .debug_abbrev  0x000004d7      0x131 pieces.o
 .debug_abbrev  0x00000608      0x135 project.o
 .debug_abbrev  0x0000073d       0xab score.o
 .debug_abbrev  0x000007e8       0xfe scrolling_char_display.o
 .debug_abbrev  0x000008e6      0x1ef serialio.o
 .debug_abbrev  0x00000ad5       0xa5 terminalio.o
 .debug_abbrev  0x00000b7a       0xc0 timer2.o
 .debug_abbrev  0x00000c3a       0x14 /usr/local/CrossPack-AVR-20130212/lib/gcc/avr/4.6.2/avr5/libgcc.a(_divmodhi4.o)
 .debug_abbrev  0x00000c4e       0x14 /usr/local/CrossPack-AVR-20130212/lib/gcc/avr/4.6.2/avr5/libgcc.a(_divmodsi4.o)
 .debug_abbrev  0x00000c62       0x14 /usr/local/CrossPack-AVR-20130212/lib/gcc/avr/4.6.2/avr5/libgcc.a(_exit.o)
 .debug_abbrev  0x00000c76       0x14 /usr/local/CrossPack-AVR-20130212/lib/gcc/avr/4.6.2/avr5/libgcc.a(_copy_data.o)
 .debug_abbrev  0x00000c8a       0x14 /usr/local/CrossPack-AVR-20130212/lib/gcc/avr/4.6.2/avr5/libgcc.a(_clear_bss.o)
 .debug_abbrev  0x00000c9e       0x14 /usr/local/CrossPack-AVR-20130212/lib/gcc/avr/4.6.2/avr5/libgcc.a(_udivmodhi4.o)
 .debug_abbrev  0x00000cb2       0x14 /usr/local/CrossPack-AVR-20130212/lib/gcc/avr/4.6.2/avr5/libgcc.a(_udivmodsi4.o)
 .debug_abbrev  0x00000cc6       0xcf /usr/local/CrossPack-AVR-20130212/lib/gcc/avr/4.6.2/../../../../avr/lib/avr5/libc.a(rand.o)
 .debug_abbrev  0x00000d95       0xdb /usr/local/CrossPack-AVR-20130212/lib/gcc/avr/4.6.2/../../../../avr/lib/avr5/libc.a(fgetc.o)
 .debug_abbrev  0x00000e70       0xc7 /usr/local/CrossPack-AVR-20130212/lib/gcc/avr/4.6.2/../../../../avr/lib/avr5/libc.a(iob.o)
 .debug_abbrev  0x00000f37      0x11e /usr/local/CrossPack-AVR-20130212/lib/gcc/avr/4.6.2/../../../../avr/lib/avr5/libc.a(printf_p.o)
 .debug_abbrev  0x00001055       0xed /usr/local/CrossPack-AVR-20130212/lib/gcc/avr/4.6.2/../../../../avr/lib/avr5/libc.a(putchar.o)
 .debug_abbrev  0x00001142      0x103 /usr/local/CrossPack-AVR-20130212/lib/gcc/avr/4.6.2/../../../../avr/lib/avr5/libc.a(puts.o)
 .debug_abbrev  0x00001245      0x163 /usr/local/CrossPack-AVR-20130212/lib/gcc/avr/4.6.2/../../../../avr/lib/avr5/libc.a(vfprintf_std.o)
 .debug_abbrev  0x000013a8       0xdb /usr/local/CrossPack-AVR-20130212/lib/gcc/avr/4.6.2/../../../../avr/lib/avr5/libc.a(fputc.o)
 .debug_abbrev  0x00001483       0x14 /usr/local/CrossPack-AVR-20130212/lib/gcc/avr/4.6.2/avr5/libgcc.a(_mulsi3.o)
 .debug_abbrev  0x00001497       0x14 /usr/local/CrossPack-AVR-20130212/lib/gcc/avr/4.6.2/avr5/libgcc.a(_prologue.o)
 .debug_abbrev  0x000014ab       0x14 /usr/local/CrossPack-AVR-20130212/lib/gcc/avr/4.6.2/avr5/libgcc.a(_epilogue.o)

.debug_line     0x00000000     0x14ff
 *(.debug_line)
 .debug_line    0x00000000      0x169 board.o
 .debug_line    0x00000169       0xc0 external_interrupt.o
 .debug_line    0x00000229       0xea joystick.o
 .debug_line    0x00000313       0xc9 keypad.o
 .debug_line    0x000003dc       0xb2 led_display.o
 .debug_line    0x0000048e      0x12d pieces.o
 .debug_line    0x000005bb      0x117 project.o
 .debug_line    0x000006d2       0x93 score.o
 .debug_line    0x00000765      0x109 scrolling_char_display.o
 .debug_line    0x0000086e      0x114 serialio.o
 .debug_line    0x00000982       0xdd terminalio.o
 .debug_line    0x00000a5f       0xaf timer2.o
 .debug_line    0x00000b0e       0x6d /usr/local/CrossPack-AVR-20130212/lib/gcc/avr/4.6.2/avr5/libgcc.a(_divmodhi4.o)
 .debug_line    0x00000b7b       0x75 /usr/local/CrossPack-AVR-20130212/lib/gcc/avr/4.6.2/avr5/libgcc.a(_divmodsi4.o)
 .debug_line    0x00000bf0       0x5c /usr/local/CrossPack-AVR-20130212/lib/gcc/avr/4.6.2/avr5/libgcc.a(_exit.o)
 .debug_line    0x00000c4c       0x65 /usr/local/CrossPack-AVR-20130212/lib/gcc/avr/4.6.2/avr5/libgcc.a(_copy_data.o)
 .debug_line    0x00000cb1       0x62 /usr/local/CrossPack-AVR-20130212/lib/gcc/avr/4.6.2/avr5/libgcc.a(_clear_bss.o)
 .debug_line    0x00000d13       0x6e /usr/local/CrossPack-AVR-20130212/lib/gcc/avr/4.6.2/avr5/libgcc.a(_udivmodhi4.o)
 .debug_line    0x00000d81       0x7c /usr/local/CrossPack-AVR-20130212/lib/gcc/avr/4.6.2/avr5/libgcc.a(_udivmodsi4.o)
 .debug_line    0x00000dfd       0x5d /usr/local/CrossPack-AVR-20130212/lib/gcc/avr/4.6.2/../../../../avr/lib/avr5/libc.a(rand.o)
 .debug_line    0x00000e5a       0x8c /usr/local/CrossPack-AVR-20130212/lib/gcc/avr/4.6.2/../../../../avr/lib/avr5/libc.a(fgetc.o)
 .debug_line    0x00000ee6       0x5f /usr/local/CrossPack-AVR-20130212/lib/gcc/avr/4.6.2/../../../../avr/lib/avr5/libc.a(iob.o)
 .debug_line    0x00000f45       0xd5 /usr/local/CrossPack-AVR-20130212/lib/gcc/avr/4.6.2/../../../../avr/lib/avr5/libc.a(printf_p.o)
 .debug_line    0x0000101a       0x74 /usr/local/CrossPack-AVR-20130212/lib/gcc/avr/4.6.2/../../../../avr/lib/avr5/libc.a(putchar.o)
 .debug_line    0x0000108e       0x84 /usr/local/CrossPack-AVR-20130212/lib/gcc/avr/4.6.2/../../../../avr/lib/avr5/libc.a(puts.o)
 .debug_line    0x00001112      0x210 /usr/local/CrossPack-AVR-20130212/lib/gcc/avr/4.6.2/../../../../avr/lib/avr5/libc.a(vfprintf_std.o)
 .debug_line    0x00001322       0x79 /usr/local/CrossPack-AVR-20130212/lib/gcc/avr/4.6.2/../../../../avr/lib/avr5/libc.a(fputc.o)
 .debug_line    0x0000139b       0x79 /usr/local/CrossPack-AVR-20130212/lib/gcc/avr/4.6.2/avr5/libgcc.a(_mulsi3.o)
 .debug_line    0x00001414       0x76 /usr/local/CrossPack-AVR-20130212/lib/gcc/avr/4.6.2/avr5/libgcc.a(_prologue.o)
 .debug_line    0x0000148a       0x75 /usr/local/CrossPack-AVR-20130212/lib/gcc/avr/4.6.2/avr5/libgcc.a(_epilogue.o)

.debug_frame    0x00000000      0x9f4
 *(.debug_frame)
 .debug_frame   0x00000000      0x12c board.o
 .debug_frame   0x0000012c       0xbc external_interrupt.o
 .debug_frame   0x000001e8       0x84 joystick.o
 .debug_frame   0x0000026c       0x44 keypad.o
 .debug_frame   0x000002b0       0x34 led_display.o
 .debug_frame   0x000002e4       0xe8 pieces.o
 .debug_frame   0x000003cc       0xec project.o
 .debug_frame   0x000004b8       0x44 score.o
 .debug_frame   0x000004fc       0x40 scrolling_char_display.o
 .debug_frame   0x0000053c      0x120 serialio.o
 .debug_frame   0x0000065c      0x130 terminalio.o
 .debug_frame   0x0000078c       0xa4 timer2.o
 .debug_frame   0x00000830       0x88 /usr/local/CrossPack-AVR-20130212/lib/gcc/avr/4.6.2/../../../../avr/lib/avr5/libc.a(rand.o)
 .debug_frame   0x000008b8       0x30 /usr/local/CrossPack-AVR-20130212/lib/gcc/avr/4.6.2/../../../../avr/lib/avr5/libc.a(fgetc.o)
 .debug_frame   0x000008e8       0x2c /usr/local/CrossPack-AVR-20130212/lib/gcc/avr/4.6.2/../../../../avr/lib/avr5/libc.a(printf_p.o)
 .debug_frame   0x00000914       0x24 /usr/local/CrossPack-AVR-20130212/lib/gcc/avr/4.6.2/../../../../avr/lib/avr5/libc.a(putchar.o)
 .debug_frame   0x00000938       0x38 /usr/local/CrossPack-AVR-20130212/lib/gcc/avr/4.6.2/../../../../avr/lib/avr5/libc.a(puts.o)
 .debug_frame   0x00000970       0x4c /usr/local/CrossPack-AVR-20130212/lib/gcc/avr/4.6.2/../../../../avr/lib/avr5/libc.a(vfprintf_std.o)
 .debug_frame   0x000009bc       0x38 /usr/local/CrossPack-AVR-20130212/lib/gcc/avr/4.6.2/../../../../avr/lib/avr5/libc.a(fputc.o)

.debug_str      0x00000000      0xb89
 *(.debug_str)
 .debug_str     0x00000000      0x1c7 board.o
                                0x22c (size before relaxing)
 .debug_str     0x000001c7       0x9a external_interrupt.o
                                0x155 (size before relaxing)
 .debug_str     0x00000261       0x8c joystick.o
                                0x137 (size before relaxing)
 .debug_str     0x000002ed       0xc0 keypad.o
                                0x19f (size before relaxing)
 .debug_str     0x000003ad       0x1f led_display.o
                                 0xd9 (size before relaxing)
 .debug_str     0x000003cc       0xb0 pieces.o
                                0x19a (size before relaxing)
 .debug_str     0x0000047c       0xed project.o
                                0x18f (size before relaxing)
 .debug_str     0x00000569       0x2a score.o
                                 0xd4 (size before relaxing)
 .debug_str     0x00000593      0x1bf scrolling_char_display.o
                                0x272 (size before relaxing)
 .debug_str     0x00000752      0x100 serialio.o
                                0x206 (size before relaxing)
 .debug_str     0x00000852       0xbf terminalio.o
                                0x160 (size before relaxing)
 .debug_str     0x00000911       0x8b timer2.o
                                0x13a (size before relaxing)
 .debug_str     0x0000099c       0x97 /usr/local/CrossPack-AVR-20130212/lib/gcc/avr/4.6.2/../../../../avr/lib/avr5/libc.a(rand.o)
                                 0xd0 (size before relaxing)
 .debug_str     0x00000a33       0x22 /usr/local/CrossPack-AVR-20130212/lib/gcc/avr/4.6.2/../../../../avr/lib/avr5/libc.a(fgetc.o)
                                0x123 (size before relaxing)
 .debug_str     0x00000a55       0x1a /usr/local/CrossPack-AVR-20130212/lib/gcc/avr/4.6.2/../../../../avr/lib/avr5/libc.a(iob.o)
                                0x11a (size before relaxing)
 .debug_str     0x00000a6f       0x49 /usr/local/CrossPack-AVR-20130212/lib/gcc/avr/4.6.2/../../../../avr/lib/avr5/libc.a(printf_p.o)
                                0x151 (size before relaxing)
 .debug_str     0x00000ab8       0x26 /usr/local/CrossPack-AVR-20130212/lib/gcc/avr/4.6.2/../../../../avr/lib/avr5/libc.a(putchar.o)
                                0x126 (size before relaxing)
 .debug_str     0x00000ade       0x20 /usr/local/CrossPack-AVR-20130212/lib/gcc/avr/4.6.2/../../../../avr/lib/avr5/libc.a(puts.o)
                                0x120 (size before relaxing)
 .debug_str     0x00000afe       0x69 /usr/local/CrossPack-AVR-20130212/lib/gcc/avr/4.6.2/../../../../avr/lib/avr5/libc.a(vfprintf_std.o)
                                0x193 (size before relaxing)
 .debug_str     0x00000b67       0x22 /usr/local/CrossPack-AVR-20130212/lib/gcc/avr/4.6.2/../../../../avr/lib/avr5/libc.a(fputc.o)
                                0x123 (size before relaxing)

.debug_loc      0x00000000     0x1d49
 *(.debug_loc)
 .debug_loc     0x00000000      0x2a3 board.o
 .debug_loc     0x000002a3       0xe3 external_interrupt.o
 .debug_loc     0x00000386      0x1c0 joystick.o
 .debug_loc     0x00000546       0x1e keypad.o
 .debug_loc     0x00000564       0x68 led_display.o
 .debug_loc     0x000005cc      0x316 pieces.o
 .debug_loc     0x000008e2      0x330 project.o
 .debug_loc     0x00000c12      0x18d scrolling_char_display.o
 .debug_loc     0x00000d9f      0x253 serialio.o
 .debug_loc     0x00000ff2      0x35d terminalio.o
 .debug_loc     0x0000134f      0x157 timer2.o
 .debug_loc     0x000014a6      0x167 /usr/local/CrossPack-AVR-20130212/lib/gcc/avr/4.6.2/../../../../avr/lib/avr5/libc.a(rand.o)
 .debug_loc     0x0000160d       0x8f /usr/local/CrossPack-AVR-20130212/lib/gcc/avr/4.6.2/../../../../avr/lib/avr5/libc.a(fgetc.o)
 .debug_loc     0x0000169c       0x21 /usr/local/CrossPack-AVR-20130212/lib/gcc/avr/4.6.2/../../../../avr/lib/avr5/libc.a(printf_p.o)
 .debug_loc     0x000016bd       0x18 /usr/local/CrossPack-AVR-20130212/lib/gcc/avr/4.6.2/../../../../avr/lib/avr5/libc.a(putchar.o)
 .debug_loc     0x000016d5       0xe0 /usr/local/CrossPack-AVR-20130212/lib/gcc/avr/4.6.2/../../../../avr/lib/avr5/libc.a(puts.o)
 .debug_loc     0x000017b5      0x4fb /usr/local/CrossPack-AVR-20130212/lib/gcc/avr/4.6.2/../../../../avr/lib/avr5/libc.a(vfprintf_std.o)
 .debug_loc     0x00001cb0       0x99 /usr/local/CrossPack-AVR-20130212/lib/gcc/avr/4.6.2/../../../../avr/lib/avr5/libc.a(fputc.o)

.debug_macinfo
 *(.debug_macinfo)
OUTPUT(project.elf elf32-avr)
LOAD linker stubs

.debug_ranges   0x00000000       0xa0
 .debug_ranges  0x00000000       0x18 project.o
 .debug_ranges  0x00000018       0x28 /usr/local/CrossPack-AVR-20130212/lib/gcc/avr/4.6.2/../../../../avr/lib/avr5/libc.a(rand.o)
 .debug_ranges  0x00000040       0x10 /usr/local/CrossPack-AVR-20130212/lib/gcc/avr/4.6.2/../../../../avr/lib/avr5/libc.a(fgetc.o)
 .debug_ranges  0x00000050       0x10 /usr/local/CrossPack-AVR-20130212/lib/gcc/avr/4.6.2/../../../../avr/lib/avr5/libc.a(printf_p.o)
 .debug_ranges  0x00000060       0x10 /usr/local/CrossPack-AVR-20130212/lib/gcc/avr/4.6.2/../../../../avr/lib/avr5/libc.a(putchar.o)
 .debug_ranges  0x00000070       0x10 /usr/local/CrossPack-AVR-20130212/lib/gcc/avr/4.6.2/../../../../avr/lib/avr5/libc.a(puts.o)
 .debug_ranges  0x00000080       0x10 /usr/local/CrossPack-AVR-20130212/lib/gcc/avr/4.6.2/../../../../avr/lib/avr5/libc.a(vfprintf_std.o)
 .debug_ranges  0x00000090       0x10 /usr/local/CrossPack-AVR-20130212/lib/gcc/avr/4.6.2/../../../../avr/lib/avr5/libc.a(fputc.o)

Cross Reference Table

Symbol                                            File
JoystickButtons                                   joystick.o
JoystickX                                         joystick.o
JoystickY                                         joystick.o
__bad_interrupt                                   /usr/local/CrossPack-AVR-20130212/lib/gcc/avr/4.6.2/../../../../avr/lib/avr5/crtm64.o
__bss_end                                         /usr/local/CrossPack-AVR-20130212/lib/gcc/avr/4.6.2/avr5/libgcc.a(_clear_bss.o)
__bss_start                                       /usr/local/CrossPack-AVR-20130212/lib/gcc/avr/4.6.2/avr5/libgcc.a(_clear_bss.o)
__data_end                                        /usr/local/CrossPack-AVR-20130212/lib/gcc/avr/4.6.2/avr5/libgcc.a(_copy_data.o)
__data_load_start                                 /usr/local/CrossPack-AVR-20130212/lib/gcc/avr/4.6.2/avr5/libgcc.a(_copy_data.o)
__data_start                                      /usr/local/CrossPack-AVR-20130212/lib/gcc/avr/4.6.2/avr5/libgcc.a(_copy_data.o)
__divmodhi4                                       /usr/local/CrossPack-AVR-20130212/lib/gcc/avr/4.6.2/avr5/libgcc.a(_divmodhi4.o)
                                                  pieces.o
__divmodsi4                                       /usr/local/CrossPack-AVR-20130212/lib/gcc/avr/4.6.2/avr5/libgcc.a(_divmodsi4.o)
                                                  /usr/local/CrossPack-AVR-20130212/lib/gcc/avr/4.6.2/../../../../avr/lib/avr5/libc.a(rand.o)
                                                  serialio.o
__do_clear_bss                                    /usr/local/CrossPack-AVR-20130212/lib/gcc/avr/4.6.2/avr5/libgcc.a(_clear_bss.o)
                                                  /usr/local/CrossPack-AVR-20130212/lib/gcc/avr/4.6.2/../../../../avr/lib/avr5/libc.a(fputc.o)
                                                  /usr/local/CrossPack-AVR-20130212/lib/gcc/avr/4.6.2/../../../../avr/lib/avr5/libc.a(vfprintf_std.o)
                                                  /usr/local/CrossPack-AVR-20130212/lib/gcc/avr/4.6.2/../../../../avr/lib/avr5/libc.a(puts.o)
                                                  /usr/local/CrossPack-AVR-20130212/lib/gcc/avr/4.6.2/../../../../avr/lib/avr5/libc.a(putchar.o)
                                                  /usr/local/CrossPack-AVR-20130212/lib/gcc/avr/4.6.2/../../../../avr/lib/avr5/libc.a(printf_p.o)
                                                  /usr/local/CrossPack-AVR-20130212/lib/gcc/avr/4.6.2/../../../../avr/lib/avr5/libc.a(iob.o)
                                                  /usr/local/CrossPack-AVR-20130212/lib/gcc/avr/4.6.2/../../../../avr/lib/avr5/libc.a(fgetc.o)
                                                  /usr/local/CrossPack-AVR-20130212/lib/gcc/avr/4.6.2/../../../../avr/lib/avr5/libc.a(rand.o)
                                                  timer2.o
                                                  terminalio.o
                                                  serialio.o
                                                  scrolling_char_display.o
                                                  score.o
                                                  project.o
                                                  pieces.o
                                                  led_display.o
                                                  keypad.o
                                                  joystick.o
                                                  external_interrupt.o
                                                  board.o
__do_copy_data                                    /usr/local/CrossPack-AVR-20130212/lib/gcc/avr/4.6.2/avr5/libgcc.a(_copy_data.o)
                                                  /usr/local/CrossPack-AVR-20130212/lib/gcc/avr/4.6.2/../../../../avr/lib/avr5/libc.a(fputc.o)
                                                  /usr/local/CrossPack-AVR-20130212/lib/gcc/avr/4.6.2/../../../../avr/lib/avr5/libc.a(vfprintf_std.o)
                                                  /usr/local/CrossPack-AVR-20130212/lib/gcc/avr/4.6.2/../../../../avr/lib/avr5/libc.a(puts.o)
                                                  /usr/local/CrossPack-AVR-20130212/lib/gcc/avr/4.6.2/../../../../avr/lib/avr5/libc.a(putchar.o)
                                                  /usr/local/CrossPack-AVR-20130212/lib/gcc/avr/4.6.2/../../../../avr/lib/avr5/libc.a(printf_p.o)
                                                  /usr/local/CrossPack-AVR-20130212/lib/gcc/avr/4.6.2/../../../../avr/lib/avr5/libc.a(iob.o)
                                                  /usr/local/CrossPack-AVR-20130212/lib/gcc/avr/4.6.2/../../../../avr/lib/avr5/libc.a(fgetc.o)
                                                  /usr/local/CrossPack-AVR-20130212/lib/gcc/avr/4.6.2/../../../../avr/lib/avr5/libc.a(rand.o)
                                                  timer2.o
                                                  terminalio.o
                                                  serialio.o
                                                  scrolling_char_display.o
                                                  score.o
                                                  project.o
                                                  pieces.o
                                                  led_display.o
                                                  keypad.o
                                                  joystick.o
                                                  external_interrupt.o
                                                  board.o
__epilogue_restores__                             /usr/local/CrossPack-AVR-20130212/lib/gcc/avr/4.6.2/avr5/libgcc.a(_epilogue.o)
                                                  /usr/local/CrossPack-AVR-20130212/lib/gcc/avr/4.6.2/../../../../avr/lib/avr5/libc.a(vfprintf_std.o)
                                                  /usr/local/CrossPack-AVR-20130212/lib/gcc/avr/4.6.2/../../../../avr/lib/avr5/libc.a(printf_p.o)
__heap_end                                        /usr/local/CrossPack-AVR-20130212/lib/gcc/avr/4.6.2/../../../../avr/lib/avr5/crtm64.o
__init                                            /usr/local/CrossPack-AVR-20130212/lib/gcc/avr/4.6.2/../../../../avr/lib/avr5/crtm64.o
__iob                                             /usr/local/CrossPack-AVR-20130212/lib/gcc/avr/4.6.2/../../../../avr/lib/avr5/libc.a(puts.o)
                                                  /usr/local/CrossPack-AVR-20130212/lib/gcc/avr/4.6.2/../../../../avr/lib/avr5/libc.a(putchar.o)
                                                  /usr/local/CrossPack-AVR-20130212/lib/gcc/avr/4.6.2/../../../../avr/lib/avr5/libc.a(printf_p.o)
                                                  /usr/local/CrossPack-AVR-20130212/lib/gcc/avr/4.6.2/../../../../avr/lib/avr5/libc.a(iob.o)
                                                  serialio.o
                                                  project.o
__mulsi3                                          /usr/local/CrossPack-AVR-20130212/lib/gcc/avr/4.6.2/avr5/libgcc.a(_mulsi3.o)
                                                  /usr/local/CrossPack-AVR-20130212/lib/gcc/avr/4.6.2/../../../../avr/lib/avr5/libc.a(rand.o)
__prologue_saves__                                /usr/local/CrossPack-AVR-20130212/lib/gcc/avr/4.6.2/avr5/libgcc.a(_prologue.o)
                                                  /usr/local/CrossPack-AVR-20130212/lib/gcc/avr/4.6.2/../../../../avr/lib/avr5/libc.a(vfprintf_std.o)
                                                  /usr/local/CrossPack-AVR-20130212/lib/gcc/avr/4.6.2/../../../../avr/lib/avr5/libc.a(printf_p.o)
__stack                                           /usr/local/CrossPack-AVR-20130212/lib/gcc/avr/4.6.2/../../../../avr/lib/avr5/crtm64.o
__udivmodhi4                                      /usr/local/CrossPack-AVR-20130212/lib/gcc/avr/4.6.2/avr5/libgcc.a(_udivmodhi4.o)
                                                  /usr/local/CrossPack-AVR-20130212/lib/gcc/avr/4.6.2/avr5/libgcc.a(_divmodhi4.o)
__udivmodsi4                                      /usr/local/CrossPack-AVR-20130212/lib/gcc/avr/4.6.2/avr5/libgcc.a(_udivmodsi4.o)
                                                  /usr/local/CrossPack-AVR-20130212/lib/gcc/avr/4.6.2/avr5/libgcc.a(_divmodsi4.o)
__ultoa_invert                                    /usr/local/CrossPack-AVR-20130212/lib/gcc/avr/4.6.2/../../../../avr/lib/avr5/libc.a(ultoa_invert.o)
                                                  /usr/local/CrossPack-AVR-20130212/lib/gcc/avr/4.6.2/../../../../avr/lib/avr5/libc.a(vfprintf_std.o)
__vector_1                                        external_interrupt.o
                                                  /usr/local/CrossPack-AVR-20130212/lib/gcc/avr/4.6.2/../../../../avr/lib/avr5/crtm64.o
__vector_10                                       /usr/local/CrossPack-AVR-20130212/lib/gcc/avr/4.6.2/../../../../avr/lib/avr5/crtm64.o
__vector_11                                       /usr/local/CrossPack-AVR-20130212/lib/gcc/avr/4.6.2/../../../../avr/lib/avr5/crtm64.o
__vector_12                                       /usr/local/CrossPack-AVR-20130212/lib/gcc/avr/4.6.2/../../../../avr/lib/avr5/crtm64.o
__vector_13                                       /usr/local/CrossPack-AVR-20130212/lib/gcc/avr/4.6.2/../../../../avr/lib/avr5/crtm64.o
__vector_14                                       /usr/local/CrossPack-AVR-20130212/lib/gcc/avr/4.6.2/../../../../avr/lib/avr5/crtm64.o
__vector_15                                       /usr/local/CrossPack-AVR-20130212/lib/gcc/avr/4.6.2/../../../../avr/lib/avr5/crtm64.o
__vector_16                                       /usr/local/CrossPack-AVR-20130212/lib/gcc/avr/4.6.2/../../../../avr/lib/avr5/crtm64.o
__vector_17                                       /usr/local/CrossPack-AVR-20130212/lib/gcc/avr/4.6.2/../../../../avr/lib/avr5/crtm64.o
__vector_18                                       serialio.o
                                                  /usr/local/CrossPack-AVR-20130212/lib/gcc/avr/4.6.2/../../../../avr/lib/avr5/crtm64.o
__vector_19                                       serialio.o
                                                  /usr/local/CrossPack-AVR-20130212/lib/gcc/avr/4.6.2/../../../../avr/lib/avr5/crtm64.o
__vector_2                                        external_interrupt.o
                                                  /usr/local/CrossPack-AVR-20130212/lib/gcc/avr/4.6.2/../../../../avr/lib/avr5/crtm64.o
__vector_20                                       /usr/local/CrossPack-AVR-20130212/lib/gcc/avr/4.6.2/../../../../avr/lib/avr5/crtm64.o
__vector_21                                       /usr/local/CrossPack-AVR-20130212/lib/gcc/avr/4.6.2/../../../../avr/lib/avr5/crtm64.o
__vector_22                                       /usr/local/CrossPack-AVR-20130212/lib/gcc/avr/4.6.2/../../../../avr/lib/avr5/crtm64.o
__vector_23                                       /usr/local/CrossPack-AVR-20130212/lib/gcc/avr/4.6.2/../../../../avr/lib/avr5/crtm64.o
__vector_24                                       /usr/local/CrossPack-AVR-20130212/lib/gcc/avr/4.6.2/../../../../avr/lib/avr5/crtm64.o
__vector_25                                       /usr/local/CrossPack-AVR-20130212/lib/gcc/avr/4.6.2/../../../../avr/lib/avr5/crtm64.o
__vector_26                                       /usr/local/CrossPack-AVR-20130212/lib/gcc/avr/4.6.2/../../../../avr/lib/avr5/crtm64.o
__vector_27                                       /usr/local/CrossPack-AVR-20130212/lib/gcc/avr/4.6.2/../../../../avr/lib/avr5/crtm64.o
__vector_28                                       /usr/local/CrossPack-AVR-20130212/lib/gcc/avr/4.6.2/../../../../avr/lib/avr5/crtm64.o
__vector_29                                       /usr/local/CrossPack-AVR-20130212/lib/gcc/avr/4.6.2/../../../../avr/lib/avr5/crtm64.o
__vector_3                                        external_interrupt.o
                                                  /usr/local/CrossPack-AVR-20130212/lib/gcc/avr/4.6.2/../../../../avr/lib/avr5/crtm64.o
__vector_30                                       /usr/local/CrossPack-AVR-20130212/lib/gcc/avr/4.6.2/../../../../avr/lib/avr5/crtm64.o
__vector_31                                       /usr/local/CrossPack-AVR-20130212/lib/gcc/avr/4.6.2/../../../../avr/lib/avr5/crtm64.o
__vector_32                                       /usr/local/CrossPack-AVR-20130212/lib/gcc/avr/4.6.2/../../../../avr/lib/avr5/crtm64.o
__vector_33                                       /usr/local/CrossPack-AVR-20130212/lib/gcc/avr/4.6.2/../../../../avr/lib/avr5/crtm64.o
__vector_34                                       /usr/local/CrossPack-AVR-20130212/lib/gcc/avr/4.6.2/../../../../avr/lib/avr5/crtm64.o
__vector_4                                        external_interrupt.o
                                                  /usr/local/CrossPack-AVR-20130212/lib/gcc/avr/4.6.2/../../../../avr/lib/avr5/crtm64.o
__vector_5                                        /usr/local/CrossPack-AVR-20130212/lib/gcc/avr/4.6.2/../../../../avr/lib/avr5/crtm64.o
__vector_6                                        /usr/local/CrossPack-AVR-20130212/lib/gcc/avr/4.6.2/../../../../avr/lib/avr5/crtm64.o
__vector_7                                        /usr/local/CrossPack-AVR-20130212/lib/gcc/avr/4.6.2/../../../../avr/lib/avr5/crtm64.o
__vector_8                                        /usr/local/CrossPack-AVR-20130212/lib/gcc/avr/4.6.2/../../../../avr/lib/avr5/crtm64.o
__vector_9                                        timer2.o
                                                  /usr/local/CrossPack-AVR-20130212/lib/gcc/avr/4.6.2/../../../../avr/lib/avr5/crtm64.o
__vector_default                                  /usr/local/CrossPack-AVR-20130212/lib/gcc/avr/4.6.2/../../../../avr/lib/avr5/crtm64.o
__vectors                                         /usr/local/CrossPack-AVR-20130212/lib/gcc/avr/4.6.2/../../../../avr/lib/avr5/crtm64.o
_div                                              /usr/local/CrossPack-AVR-20130212/lib/gcc/avr/4.6.2/avr5/libgcc.a(_divmodhi4.o)
_exit                                             /usr/local/CrossPack-AVR-20130212/lib/gcc/avr/4.6.2/avr5/libgcc.a(_exit.o)
add_random_piece                                  board.o
                                                  project.o
add_to_score                                      score.o
attempt_drop_piece_one_row                        board.o
                                                  project.o
attempt_move                                      board.o
                                                  project.o
attempt_rotation                                  board.o
                                                  project.o
board                                             board.o
button_pushed                                     external_interrupt.o
                                                  project.o
bytes_in_input_buffer                             serialio.o
bytes_in_out_buffer                               serialio.o
check_for_completed_rows                          board.o
check_joystick                                    joystick.o
check_keypad_column                               keypad.o
                                                  project.o
clear_serial_input_buffer                         serialio.o
                                                  project.o
clear_terminal                                    terminalio.o
                                                  project.o
clear_to_end_of_line                              terminalio.o
copy_board_to_led_display                         board.o
                                                  project.o
copy_piece                                        pieces.o
                                                  board.o
current_piece                                     board.o
display                                           scrolling_char_display.o
                                                  led_display.o
                                                  board.o
display_row                                       led_display.o
                                                  project.o
draw_horizontal_line                              terminalio.o
draw_vertical_line                                terminalio.o
exit                                              /usr/local/CrossPack-AVR-20130212/lib/gcc/avr/4.6.2/avr5/libgcc.a(_exit.o)
                                                  /usr/local/CrossPack-AVR-20130212/lib/gcc/avr/4.6.2/../../../../avr/lib/avr5/crtm64.o
fgetc                                             /usr/local/CrossPack-AVR-20130212/lib/gcc/avr/4.6.2/../../../../avr/lib/avr5/libc.a(fgetc.o)
                                                  project.o
fix_piece_to_board                                board.o
                                                  project.o
fputc                                             /usr/local/CrossPack-AVR-20130212/lib/gcc/avr/4.6.2/../../../../avr/lib/avr5/libc.a(fputc.o)
                                                  /usr/local/CrossPack-AVR-20130212/lib/gcc/avr/4.6.2/../../../../avr/lib/avr5/libc.a(vfprintf_std.o)
                                                  /usr/local/CrossPack-AVR-20130212/lib/gcc/avr/4.6.2/../../../../avr/lib/avr5/libc.a(putchar.o)
generate_random_piece                             pieces.o
                                                  board.o
get_clock_ticks                                   timer2.o
                                                  project.o
get_score                                         score.o
handle_game_over                                  project.o
have_current_piece                                board.o
                                                  project.o
init_board                                        board.o
                                                  project.o
init_external_interrupts                          external_interrupt.o
                                                  project.o
init_joystick                                     joystick.o
init_keypad                                       keypad.o
                                                  project.o
init_led_display                                  led_display.o
                                                  project.o
init_score                                        score.o
                                                  project.o
init_serial_stdio                                 serialio.o
                                                  project.o
init_timer2                                       timer2.o
                                                  project.o
initialise_hardware                               project.o
input_buffer                                      serialio.o
input_insert_pos                                  serialio.o
input_overrun                                     serialio.o
keypad_button_pushed                              keypad.o
                                                  project.o
main                                              project.o
                                                  /usr/local/CrossPack-AVR-20130212/lib/gcc/avr/4.6.2/../../../../avr/lib/avr5/crtm64.o
move_cursor                                       terminalio.o
                                                  project.o
move_piece_left                                   pieces.o
                                                  board.o
move_piece_right                                  pieces.o
                                                  board.o
new_game                                          project.o
normal_display_mode                               terminalio.o
out_buffer                                        serialio.o
out_insert_pos                                    serialio.o
piece_library                                     pieces.o
piece_overlap                                     board.o
piece_row_num                                     board.o
play_game                                         project.o
printf_P                                          /usr/local/CrossPack-AVR-20130212/lib/gcc/avr/4.6.2/../../../../avr/lib/avr5/libc.a(printf_p.o)
                                                  terminalio.o
putchar                                           /usr/local/CrossPack-AVR-20130212/lib/gcc/avr/4.6.2/../../../../avr/lib/avr5/libc.a(putchar.o)
                                                  terminalio.o
puts                                              /usr/local/CrossPack-AVR-20130212/lib/gcc/avr/4.6.2/../../../../avr/lib/avr5/libc.a(puts.o)
                                                  project.o
rand                                              /usr/local/CrossPack-AVR-20130212/lib/gcc/avr/4.6.2/../../../../avr/lib/avr5/libc.a(rand.o)
                                                  pieces.o
rand_r                                            /usr/local/CrossPack-AVR-20130212/lib/gcc/avr/4.6.2/../../../../avr/lib/avr5/libc.a(rand.o)
reverse_video                                     terminalio.o
rotate_piece                                      pieces.o
                                                  board.o
score                                             score.o
scroll_display                                    scrolling_char_display.o
                                                  project.o
serial_input_available                            serialio.o
                                                  project.o
set_display_attribute                             terminalio.o
set_scrolling_display_text                        scrolling_char_display.o
                                                  project.o
splash_screen                                     project.o
srand                                             /usr/local/CrossPack-AVR-20130212/lib/gcc/avr/4.6.2/../../../../avr/lib/avr5/libc.a(rand.o)
strnlen                                           /usr/local/CrossPack-AVR-20130212/lib/gcc/avr/4.6.2/../../../../avr/lib/avr5/libc.a(strnlen.o)
                                                  /usr/local/CrossPack-AVR-20130212/lib/gcc/avr/4.6.2/../../../../avr/lib/avr5/libc.a(vfprintf_std.o)
strnlen_P                                         /usr/local/CrossPack-AVR-20130212/lib/gcc/avr/4.6.2/../../../../avr/lib/avr5/libc.a(strnlen_P.o)
                                                  /usr/local/CrossPack-AVR-20130212/lib/gcc/avr/4.6.2/../../../../avr/lib/avr5/libc.a(vfprintf_std.o)
timer_activities                                  project.o
vfprintf                                          /usr/local/CrossPack-AVR-20130212/lib/gcc/avr/4.6.2/../../../../avr/lib/avr5/libc.a(vfprintf_std.o)
                                                  /usr/local/CrossPack-AVR-20130212/lib/gcc/avr/4.6.2/../../../../avr/lib/avr5/libc.a(printf_p.o)
